project: NEW_II
script: verify_newstruct6_with_smt.py
command: /usr/bin/python3 verify_newstruct6_with_smt.py
started_utc: 2026-08-24T11:35:18+00:00
duration_seconds: 0.116847
status: PASS
exit_code: 0

===== STDOUT =====
check-sat: sat

包含量子区分器？ 是

== Round 6（SMT）取值/⊥ ==
  U0_6: ⊥
  U1_6: ⊥
  U2_6: #b10010  => R(δ) ⊕ 0s
  U3_6: ⊥

== 计时统计 ==
td_trunc 模拟: 0.000029 s
锚点选择   : 0.000007 s
构图        : 0.007165 s
锚点断言   : 0.000025 s
求解 (SMT) : 0.022689 s
总耗时     : 0.031228 s
===== STDERR =====
(no stderr)
