project: Type-1 GFS
script: td_then_smt_Type1GFS_full_15r.py
command: /usr/bin/python3 td_then_smt_Type1GFS_full_15r.py
started_utc: 2026-08-24T11:35:59+00:00
duration_seconds: 0.301261
status: PASS
exit_code: 0

===== STDOUT =====
== TD 0..5 轮 ==
Round 0 : u0=s, u1=a[a_flag=0], u2=0, u3=0
Round 1 : u0=0, u1=s, u2=a[a_flag=0], u3=0
Round 2 : u0=0, u1=0, u2=s, u3=a[a_flag=0]
Round 3 : u0=a[a_flag=0], u1=*, u2=0, u3=s
Round 4 : u0=s, u1=*, u2=*, u3=0
Round 5 : u0=0, u1=s, u2=*, u3=*

[check-sat(last)] = SAT
Round 15: u0=δ ⊕ R(δ) ⊕ R(x), u1=0, u2=0, u3=x ⊕ R(x)
Average time per run over 100 runs: 2.167 ms
===== STDERR =====
(no stderr)
